worker start
Parent rank 1
Worker rank 0
Chaste rank 0
Starting Simulation time: 1.50576e+09s
worker start
Parent rank 3
Worker rank 0
Chaste rank 0
Starting Simulation time: 1.50576e+09s
worker start
Parent rank 2
Worker rank 0
Chaste rank 0
Starting Simulation time: 1.50576e+09s
Parent rank 1
Worker rank 0
Chaste rank 0
Starting Simulation time: 24.592s
Parent rank 2
Worker rank 0
Chaste rank 0
Starting Simulation time: 46.4781s
Parent rank 1
Worker rank 0
Chaste rank 0
Starting Simulation time: 39.7218s
Parent rank 3
Worker rank 0
Chaste rank 0
Starting Simulation time: 117.598s
Parent rank 1
Worker rank 0
Chaste rank 0
Starting Simulation time: 515.533s
Parent rank 1
Worker rank 0
Chaste rank 0
Starting Simulation time: 27.7592s
Parent rank 2
Worker rank 0
Chaste rank 0
Starting Simulation time: 590.958s
Parent rank 2
Worker rank 0
Chaste rank 0
Starting Simulation time: 52.2494s
Parent rank 1
Worker rank 0
Chaste rank 0
Starting Simulation time: 120.478s
Parent rank 2
Worker rank 0
Chaste rank 0
Starting Simulation time: 43.0967s
Parent rank 2
Worker rank 0
Chaste rank 0
Starting Simulation time: 530.789s
Parent rank 3
Worker rank 0
Chaste rank 0
Starting Simulation time: 1194.1s
Parent rank 3
Worker rank 0
Chaste rank 0
Starting Simulation time: 27.5745s
Parent rank 1
Worker rank 0
Chaste rank 0
Starting Simulation time: 619.264s
Parent rank 1
Worker rank 0
Chaste rank 0
Starting Simulation time: 51.013s
Parent rank 1
Worker rank 0
Chaste rank 0
Starting Simulation time: 45.9187s
Parent rank 3
Worker rank 0
Chaste rank 0
Starting Simulation time: 114.975s
Parent rank 3
Worker rank 0
Chaste rank 0
Starting Simulation time: 523.884s
Parent rank 1
Worker rank 0
Chaste rank 0
Starting Simulation time: 603.871s
Parent rank 1
Worker rank 0
Chaste rank 0
Starting Simulation time: 28.4468s
Parent rank 1
Worker rank 0
Chaste rank 0
Starting Simulation time: 130.299s
Parent rank 1
Worker rank 0
Chaste rank 0
Starting Simulation time: 53.3911s
Parent rank 1
Worker rank 0
Chaste rank 0
Starting Simulation time: 42.3747s
Parent rank 2
Worker rank 0
Chaste rank 0
Starting Simulation time: 1278.76s
Parent rank 1
Worker rank 0
Chaste rank 0
Starting Simulation time: 612.142s
Parent rank 2
Worker rank 0
Chaste rank 0
Starting Simulation time: 541.823s
Parent rank 2
Worker rank 0
Chaste rank 0
Starting Simulation time: 26.446s
Parent rank 3
Worker rank 0
Chaste rank 0
Starting Simulation time: 1249.8s
Parent rank 2
Worker rank 0
Chaste rank 0
Starting Simulation time: 133.823s
Parent rank 3
Worker rank 0
Chaste rank 0
Starting Simulation time: 51.4787s
Parent rank 2
Worker rank 0
Chaste rank 0
Starting Simulation time: 39.3682s
Parent rank 2
Worker rank 0
Chaste rank 0
Starting Simulation time: 529.434s
Master finishing
